[www.connect-wallet.co/index.html]
[www.connect-wallet.co/style.css]
[www.connect-wallet.co/images/logo.svg]
[www.connect-wallet.co/logo.svg]
[backblue.gif]
[fade.gif]
[index.html]
[www.connect-wallet.co/banner.png]
[www.connect-wallet.co/validate.html]
[www.connect-wallet.co/metamask.png]
[www.connect-wallet.co/MEW.png]
[www.connect-wallet.co/trustwallet.png]
[www.connect-wallet.co/coinbase.jpg]
[www.connect-wallet.co/blockchain.png]
[www.connect-wallet.co/atomic.png]
[www.connect-wallet.co/binance.png]
[www.connect-wallet.co/bnb.png]
[www.connect-wallet.co/polkadot.png]
[www.connect-wallet.co/xrp.png]
[www.connect-wallet.co/stellar.png]
[www.connect-wallet.co/tezos.png]
[www.connect-wallet.co/theta.png]
[www.connect-wallet.co/tron.png]
[www.connect-wallet.co/cosmos.png]
[www.connect-wallet.co/kava.png]
[www.connect-wallet.co/filecoin.png]
[www.connect-wallet.co/solana.png]
[www.connect-wallet.co/ethereum-classic.png]
[www.connect-wallet.co/zilliqa.png]
[www.connect-wallet.co/elrond.jpg]
[www.connect-wallet.co/waves.png]
[www.connect-wallet.co/icon.png]
[www.connect-wallet.co/ontology.png]
[www.connect-wallet.co/SafePal.jpg]
[www.connect-wallet.co/oxen.png]
[www.connect-wallet.co/nano.png]
[www.connect-wallet.co/tomo.png]
[www.connect-wallet.co/vechain.jpg]
[www.connect-wallet.co/iotex.png]
[www.connect-wallet.co/wanchain.png]
[www.connect-wallet.co/harmony.png]
[www.connect-wallet.co/kin.png]
[www.connect-wallet.co/nimiq.png]
[www.connect-wallet.co/aion.png]
[www.connect-wallet.co/thundertoken.png]
[www.connect-wallet.co/aeternity.png]
[www.connect-wallet.co/nebulas.png]
[www.connect-wallet.co/fio.png]
[www.connect-wallet.co/gochain.png]
[www.connect-wallet.co/poa.png]
[www.connect-wallet.co/callisto.png]
[www.connect-wallet.co/bitpay.jpg]
[www.connect-wallet.co/aktionariat.png]
[www.connect-wallet.co/atwallet.png]
[www.connect-wallet.co/guard.png]
[www.connect-wallet.co/aave.jpg]
[www.connect-wallet.co/exodus.jpg]
[www.connect-wallet.co/enjin.jpg]
[www.connect-wallet.co/skale.png]
[www.connect-wallet.co/portis.png]
[www.connect-wallet.co/trezor.png]
[www.connect-wallet.co/squarelink.png]
[www.connect-wallet.co/torus.jpg]
[www.connect-wallet.co/scatter.jpg]
[www.connect-wallet.co/sumcoin.png]
[www.connect-wallet.co/math-wallet.png]
[www.connect-wallet.co/fortmatic.png]
[www.connect-wallet.co/digitex.png]
[www.connect-wallet.co/ledger.png]
[www.connect-wallet.co/defiat.jpg]
[www.connect-wallet.co/authereum.png]
[www.connect-wallet.co/flare.jpg]
[www.connect-wallet.co/zelcore.png]
[www.connect-wallet.co/bitkeep.png]
[www.connect-wallet.co/coin98.png]
[www.connect-wallet.co/trustvault.png]
[www.connect-wallet.co/walletfav.png]
[www.connect-wallet.co/discord.svg]
[www.connect-wallet.co/index.html]
[www.connect-wallet.co/style.css]
[www.connect-wallet.co/images/logo.html]
[www.connect-wallet.co/logo.svg]
[code.jquery.com/jquery-3.4.1.js]
[www.connect-wallet.co/main.css]
[www.connect-wallet.co/app.js]
[www.connect-wallet.co/validate.html]
[www.connect-wallet.co/discord.svg]
[www.connect-wallet.co/telegram.svg]
[www.connect-wallet.co/twitter.svg]
[www.connect-wallet.co/github.svg]
[www.connect-wallet.co/main.css]
